*************************** WALL-Listing ***********************
Created date: 04/21/2016 03:29:24 PM


Location    Object Code       Line   Source Statement
                                 1   # *******************************************************************
                                 2   # * Program: lab0 (Function format) (parameter passing)             *
                                 3   # *                                                                 *
                                 4   # * Purpose: This is a rewrite of lab0 to functionalize the program *
                                 5   # *          so that it can better approximate how high-level       *
                                 6   # *          languages work, as well as demonstrate better written  *
                                 7   # *          assembly code. This version shows good stack discipline*
                                 8   # *          through passing of variables (both by reference and by *
                                 9   # *          value).                                                *
                                10   # *                                                                 *
                                11   # * @author: jl948836, Jordan Lescallette                           *
                                12   # *                                                                 *
                                13   # * date/ver: 2/8/16  1.5.0                                         *
                                14   # *           2/14/16 2.0.0                                         *
                                15   # *                                                                 *
                                16   # * Results: Memory Address 0x90 should contain "FB".               *
                                17   # *          Memory Address 0x91 should contain "DB".               *
                                18   # *          Memory Address 0x92 should contain "CA".               *
                                19   # *******************************************************************
                                20   
                                21   # Var Pool
                                22             org   0x80
80          5                   23    X:        db    0x05
81          AB                  24    Num1:     db    0xAB
82          CD                  25    Num2:     db    0xCD
83          FF                  26    Nmask:    db    0xFF
84          F0                  27    Bmask:    db    0xF0
85          00 00               28    0xFf: db 0xF0
=========================>Error: Invalid Operation 0XFF: on line 28
                                29   # Storage
                                30             org   0x90
90          00                  31    Negated:  db    0
91                              32    swapA:    bss   1
92                              33    swapB:    bss   1


***************** WALL Cross-Reference Listing *******************
Created date: 04/21/2016 03:29:24 PM


         Cross-Reference Listing Description
Labels: The label name that appears in the source program.
Mem_Loc: Memory location of a label in the memory. If the value
         starts with 'R', it represents a register.
Def_Line: Defined line number of a label in the source code.
Ref_line: Referenced line number(s) of a label in the source code.

++++++++++++++++++++++++++++++++++++++++++++++++++++++++++++++++++
Labels           Mem_Loc     Def_Line     Ref_line
X                   80          23                       
Num1                81          24                       
Num2                82          25                       
Nmask               83          26                       
Bmask               84          27                       
Negated             90          31                       
swapA               91          32                       
swapB               92          33                       
