


*************************** WALL-Listing ***********************
Created date: 02/16/2017 02:21:48 AM

Location    Object Code       Line   Source Statement
                                 1           org 0x60
                                 2   
60          01                   3    head: db 1
61          81                   4             db node
                                 5   
                                 6           org 0x81
81          02                   7    node: db 2
82          96                   8             db node2
                                 9   
                                10           org 0x96
96          03                  11    node2: db 3
97          98                  12               db node3
                                13   
98          04                  14    node3: db 4
99          00                  15                db 0


***************** WALL Cross-Reference Listing *******************
Created date: 02/16/2017 02:21:48 AM


         Cross-Reference Listing Description
Labels: The label name that appears in the source program.
Mem_Loc: Memory location of a label in the memory. If the value
         starts with 'R', it represents a register. If the value
         starts with a 'label', it means labels mapped to labels.
Def_Line: Defined line number of a label in the source code.
Ref_line: Referenced line number(s) of a label in the source code.

++++++++++++++++++++++++++++++++++++++++++++++++++++++++++++++++++
Labels           Mem_Loc     Def_Line     Ref_line
head                60           3                       
node                81           7                       
node2               96          11                       
node3               98          14                       
